# Zeek conn.log-style connection timestamps to 45.77.65.211:443 (epoch seconds)
1717243200.000
1717243261.394
1717243316.644
1717243374.395
1717243431.627
1717243493.991
1717243555.758
1717243619.680
1717243675.550
1717243734.769
1717243790.067
1717243847.253
1717243907.307
1717243962.572
1717244019.561
1717244081.059
1717244141.509
1717244198.713
1717244259.606
1717244322.700
1717244377.765
1717244440.823
1717244502.805
1717244561.207
1717244617.762
1717244682.334
1717244740.700
1717244796.628
1717244852.595
1717244916.070
